---
source: src/config.rs
expression: "ResolvedConfig::try_from(&test.get_args()).expect(\"Failed to resolve input build\").into_config()"
---
build:
  - require:
      - cargo
  - link:
      - source: a
        target: b

